// Jest Snapshot v1, https://goo.gl/fbAQLP

exports[`should render AddEntry correctly 1`] = `
<Connect(withRouter(EntryForm))
  onFormSubmit={[Function]}
/>
`;
