// Jest Snapshot v1, https://goo.gl/fbAQLP

exports[`should render NotFoundPage component correctly 1`] = `
<h2>
  404 - PAGE NOT FOUND
</h2>
`;
