// Jest Snapshot v1, https://goo.gl/fbAQLP

exports[`should render Sidebar correctly 1`] = `
<aside
  className="sidebar"
>
  <ul
    className="sidebar__navigation"
  >
    <li
      className="sidebar__navigation__item"
    >
      <div
        className="form-group"
      >
        <input
          className="form-group__control"
          name="filter-by-name"
          onChange={[Function]}
          placeholder="Filter by name..."
          type="text"
        />
        <div
          className="form-group__icon"
        >
          <FontAwesomeIcon
            border={false}
            className=""
            fixedWidth={false}
            flip={null}
            icon={
              Object {
                "icon": Array [
                  512,
                  512,
                  Array [],
                  "f002",
                  "M505 442.7L405.3 343c-4.5-4.5-10.6-7-17-7H372c27.6-35.3 44-79.7 44-128C416 93.1 322.9 0 208 0S0 93.1 0 208s93.1 208 208 208c48.3 0 92.7-16.4 128-44v16.3c0 6.4 2.5 12.5 7 17l99.7 99.7c9.4 9.4 24.6 9.4 33.9 0l28.3-28.3c9.4-9.4 9.4-24.6.1-34zM208 336c-70.7 0-128-57.2-128-128 0-70.7 57.2-128 128-128 70.7 0 128 57.2 128 128 0 70.7-57.2 128-128 128z",
                ],
                "iconName": "search",
                "prefix": "fas",
              }
            }
            inverse={false}
            listItem={false}
            mask={null}
            pull={null}
            pulse={false}
            rotation={null}
            size={null}
            spin={false}
            symbol={false}
            title=""
            transform={null}
          />
        </div>
      </div>
    </li>
    <li
      className="sidebar__navigation__item"
    >
      <NavLink
        activeClassName="active"
        aria-current="page"
        exact={true}
        to="/dashboard/add"
      >
        Add new entry
      </NavLink>
    </li>
  </ul>
</aside>
`;
