// Jest Snapshot v1, https://goo.gl/fbAQLP

exports[`should render spinner correctly 1`] = `
<div
  className="spinner-box"
>
  <div
    className="spinner"
  />
</div>
`;
